---
source: space/src/parse2/token.rs
expression: token
---
Equals
